/opt/venv/lib/python3.13/site-packages/jax/_src/abstract_arrays.py:140: RuntimeWarning: overflow encountered in cast
  return literals.TypedNdArray(np.asarray(x, dtype), weak_type=False)
Failed to import warp: No module named 'warp'
Failed to import mujoco_warp: No module named 'warp'
{"iter": 1, "reward_mean": -17.171499252319336, "success_rate": 0.010416666977107525, "collision_rate": 0.8229166865348816, "distance_mean": 1.1891297101974487, "samples": 565, "policy_loss": -0.0014090664917603135, "value_loss": 459.8455505371094, "entropy": 2.1623032093048096, "approx_kl": 5.969396443106234e-05, "clip_fraction": 0.0, "elapsed_min": 2.4886275897345818}
{"iter": 2, "reward_mean": -17.702781677246094, "success_rate": 0.0078125, "collision_rate": 0.8541666865348816, "distance_mean": 1.1600667238235474, "samples": 575, "policy_loss": -0.0010793727124109864, "value_loss": 467.628173828125, "entropy": 2.1617748737335205, "approx_kl": 6.586140079889446e-05, "clip_fraction": 0.0, "elapsed_min": 4.650297225600419}
{"iter": 3, "reward_mean": -17.205604553222656, "success_rate": 0.015625, "collision_rate": 0.8203125, "distance_mean": 1.1691503524780273, "samples": 580, "policy_loss": -0.0007922665681689978, "value_loss": 489.5783996582031, "entropy": 2.161031723022461, "approx_kl": 4.8271969717461616e-05, "clip_fraction": 0.0, "elapsed_min": 6.8456097865011545}
{"iter": 4, "reward_mean": -15.471412658691406, "success_rate": 0.010416666977107525, "collision_rate": 0.8463541865348816, "distance_mean": 1.0861915349960327, "samples": 566, "policy_loss": -0.001169059774838388, "value_loss": 422.41845703125, "entropy": 2.160322666168213, "approx_kl": 4.09200947615318e-05, "clip_fraction": 0.0, "elapsed_min": 8.982781652081758}
{"eval": {"iter": 4, "eval_success_rate": 0.015625, "eval_collision_rate": 0.765625, "eval_distance_mean": 1.2895286235725507, "eval_reward_mean": -18.92902338829299, "accuracy": 0.015625}}
{"iter": 5, "reward_mean": -16.787033081054688, "success_rate": 0.0078125, "collision_rate": 0.8333333134651184, "distance_mean": 1.1751221418380737, "samples": 584, "policy_loss": -0.0011450884630903602, "value_loss": 458.8161315917969, "entropy": 2.1595876216888428, "approx_kl": 3.6422687117010355e-05, "clip_fraction": 0.0, "elapsed_min": 12.549727418933374}
{"iter": 6, "reward_mean": -16.829099655151367, "success_rate": 0.015625, "collision_rate": 0.8411458134651184, "distance_mean": 1.1448774337768555, "samples": 575, "policy_loss": -0.0014762480277568102, "value_loss": 454.938720703125, "entropy": 2.1589272022247314, "approx_kl": 3.7388119380921125e-05, "clip_fraction": 0.0, "elapsed_min": 14.733396734452496}
{"iter": 7, "reward_mean": -16.446678161621094, "success_rate": 0.010416666977107525, "collision_rate": 0.8671875, "distance_mean": 1.1095229387283325, "samples": 576, "policy_loss": -0.001180744031444192, "value_loss": 427.85791015625, "entropy": 2.1583595275878906, "approx_kl": 3.544665014487691e-05, "clip_fraction": 0.0, "elapsed_min": 16.95276078323368}
{"iter": 8, "reward_mean": -17.298294067382812, "success_rate": 0.013020833022892475, "collision_rate": 0.8567708134651184, "distance_mean": 1.1618508100509644, "samples": 536, "policy_loss": -0.0011349079431965947, "value_loss": 470.9546813964844, "entropy": 2.1578257083892822, "approx_kl": 3.4662032703636214e-05, "clip_fraction": 0.0, "elapsed_min": 19.202319440765617}
{"eval": {"iter": 8, "eval_success_rate": 0.03125, "eval_collision_rate": 0.859375, "eval_distance_mean": 1.1748250251403078, "eval_reward_mean": -14.88322185864672, "accuracy": 0.03125}}
{"iter": 9, "reward_mean": -16.801029205322266, "success_rate": 0.010416666977107525, "collision_rate": 0.7994791865348816, "distance_mean": 1.1520813703536987, "samples": 559, "policy_loss": -0.001231466536410153, "value_loss": 479.4543762207031, "entropy": 2.1571285724639893, "approx_kl": 2.9854043532395735e-05, "clip_fraction": 0.0, "elapsed_min": 21.644485884866057}
{"iter": 10, "reward_mean": -17.052820205688477, "success_rate": 0.015625, "collision_rate": 0.7994791865348816, "distance_mean": 1.172183871269226, "samples": 575, "policy_loss": -0.0013774391263723373, "value_loss": 449.130126953125, "entropy": 2.156318426132202, "approx_kl": 3.326463411212899e-05, "clip_fraction": 0.0, "elapsed_min": 23.762063079785246}
{"iter": 11, "reward_mean": -16.68438148498535, "success_rate": 0.015625, "collision_rate": 0.84375, "distance_mean": 1.1404610872268677, "samples": 575, "policy_loss": -0.0010105282999575138, "value_loss": 457.75543212890625, "entropy": 2.1554219722747803, "approx_kl": 4.104037725483067e-05, "clip_fraction": 0.0, "elapsed_min": 25.85214332608351}
{"iter": 12, "reward_mean": -16.2077693939209, "success_rate": 0.015625, "collision_rate": 0.8359375, "distance_mean": 1.1528414487838745, "samples": 560, "policy_loss": -0.0010044941445812583, "value_loss": 421.3517761230469, "entropy": 2.1545231342315674, "approx_kl": 3.224035754101351e-05, "clip_fraction": 0.0, "elapsed_min": 27.948562731267884}
{"eval": {"iter": 12, "eval_success_rate": 0.03125, "eval_collision_rate": 0.703125, "eval_distance_mean": 1.3779051331803203, "eval_reward_mean": -20.082651148433797, "accuracy": 0.03125}}
{"iter": 13, "reward_mean": -16.515913009643555, "success_rate": 0.013020833022892475, "collision_rate": 0.8619791865348816, "distance_mean": 1.1240977048873901, "samples": 552, "policy_loss": -0.0011450034799054265, "value_loss": 445.7059326171875, "entropy": 2.1536362171173096, "approx_kl": 2.99826315313112e-05, "clip_fraction": 0.0, "elapsed_min": 30.3817656924172}
{"iter": 14, "reward_mean": -16.42304229736328, "success_rate": 0.013020833022892475, "collision_rate": 0.859375, "distance_mean": 1.1273409128189087, "samples": 562, "policy_loss": -0.001057687564752996, "value_loss": 406.6500244140625, "entropy": 2.1528191566467285, "approx_kl": 3.179249688400887e-05, "clip_fraction": 0.0, "elapsed_min": 32.575409311048375}
{"iter": 15, "reward_mean": -16.044649124145508, "success_rate": 0.013020833022892475, "collision_rate": 0.796875, "distance_mean": 1.1209582090377808, "samples": 586, "policy_loss": -0.0009292172617278993, "value_loss": 396.4997863769531, "entropy": 2.1521549224853516, "approx_kl": 3.9631759136682376e-05, "clip_fraction": 0.0, "elapsed_min": 34.609254459501244}
{"iter": 16, "reward_mean": -17.92815589904785, "success_rate": 0.010416666977107525, "collision_rate": 0.8411458134651184, "distance_mean": 1.2266145944595337, "samples": 563, "policy_loss": -0.00024405932344961911, "value_loss": 468.1131896972656, "entropy": 2.1515657901763916, "approx_kl": 2.111772118951194e-05, "clip_fraction": 0.0, "elapsed_min": 36.721258321319084}
{"eval": {"iter": 16, "eval_success_rate": 0.0, "eval_collision_rate": 0.75, "eval_distance_mean": 1.275775300571695, "eval_reward_mean": -20.3893989904318, "accuracy": 0.0}}
{"iter": 17, "reward_mean": -16.30789566040039, "success_rate": 0.015625, "collision_rate": 0.8046875, "distance_mean": 1.1540428400039673, "samples": 565, "policy_loss": -0.0006110165850259364, "value_loss": 426.3699645996094, "entropy": 2.1509623527526855, "approx_kl": 9.281656275561545e-06, "clip_fraction": 0.0, "elapsed_min": 38.98588961921632}
{"iter": 18, "reward_mean": -16.38288688659668, "success_rate": 0.0078125, "collision_rate": 0.8515625, "distance_mean": 1.14804208278656, "samples": 555, "policy_loss": -0.0010251260828226805, "value_loss": 382.9778747558594, "entropy": 2.1503257751464844, "approx_kl": 6.548118108185008e-06, "clip_fraction": 0.0, "elapsed_min": 41.07832103602899}
{"iter": 19, "reward_mean": -16.305932998657227, "success_rate": 0.0052083334885537624, "collision_rate": 0.8151041865348816, "distance_mean": 1.129308819770813, "samples": 572, "policy_loss": -0.0006501074531115592, "value_loss": 398.807861328125, "entropy": 2.1496591567993164, "approx_kl": 6.520601345982868e-06, "clip_fraction": 0.0, "elapsed_min": 43.10698987292902}
{"iter": 20, "reward_mean": -17.011962890625, "success_rate": 0.0078125, "collision_rate": 0.8203125, "distance_mean": 1.1636508703231812, "samples": 548, "policy_loss": -0.0008618918363936245, "value_loss": 430.76416015625, "entropy": 2.1488678455352783, "approx_kl": 1.7415808542864397e-05, "clip_fraction": 0.0, "elapsed_min": 45.23407893983337}
{"eval": {"iter": 20, "eval_success_rate": 0.03125, "eval_collision_rate": 0.75, "eval_distance_mean": 1.2961464578984305, "eval_reward_mean": -19.923193968832493, "accuracy": 0.03125}}